ts=2026-08-16T15:57:18.613Z caller=main.go:633 level=info msg="Starting Prometheus Server" mode=server version="(version=2.53.0, branch=HEAD, revision=4c35b9250afefede41c5f5acd76191f90f625898)"
ts=2026-08-16T15:57:18.613Z caller=main.go:638 level=info build_context="(go=go1.22.4, platform=linux/amd64, user=root@7f8d89cbbd64, date=20240619-07:39:12, tags=netgo,builtinassets,stringlabels)"
ts=2026-08-16T15:57:18.613Z caller=main.go:639 level=info host_details="(Linux 6.8.12-680-6063-coreweave-amd64-f81899c8 #1 SMP PREEMPT_DYNAMIC Fri Apr 25 14:33:53 UTC 2025 x86_64 prom-debug-7d55c99c85-qdtjw (none))"
ts=2026-08-16T15:57:18.613Z caller=main.go:640 level=info fd_limits="(soft=1048576, hard=1048576)"
ts=2026-08-16T15:57:18.614Z caller=main.go:641 level=info vm_limits="(soft=unlimited, hard=unlimited)"
ts=2026-08-16T15:57:18.623Z caller=web.go:568 level=info component=web msg="Start listening for connections" address=0.0.0.0:9090
ts=2026-08-16T15:57:18.624Z caller=main.go:1148 level=info msg="Starting TSDB ..."
ts=2026-08-16T15:57:18.624Z caller=tls_config.go:313 level=info component=web msg="Listening on" address=[::]:9090
ts=2026-08-16T15:57:18.624Z caller=tls_config.go:316 level=info component=web msg="TLS is disabled." http2=false address=[::]:9090
ts=2026-08-16T15:57:18.628Z caller=dir_locker.go:77 level=warn component=tsdb msg="A lockfile from a previous execution already existed. It was replaced" file=/prometheus/lock
ts=2026-08-16T15:57:18.633Z caller=main.go:1007 level=info msg="Stopping scrape discovery manager..."
ts=2026-08-16T15:57:18.633Z caller=main.go:1021 level=info msg="Stopping notify discovery manager..."
ts=2026-08-16T15:57:18.633Z caller=manager.go:178 level=info component="rule manager" msg="Stopping rule manager..."
ts=2026-08-16T15:57:18.633Z caller=manager.go:188 level=info component="rule manager" msg="Rule manager stopped"
ts=2026-08-16T15:57:18.633Z caller=main.go:1058 level=info msg="Stopping scrape manager..."
ts=2026-08-16T15:57:18.633Z caller=main.go:1017 level=info msg="Notify discovery manager stopped"
ts=2026-08-16T15:57:18.633Z caller=main.go:1003 level=info msg="Scrape discovery manager stopped"
ts=2026-08-16T15:57:18.633Z caller=notifier.go:623 level=info component=notifier msg="Stopping notification manager..."
ts=2026-08-16T15:57:18.633Z caller=main.go:1050 level=info msg="Scrape manager stopped"
ts=2026-08-16T15:57:18.633Z caller=main.go:1280 level=info msg="Notifier manager stopped"
ts=2026-08-16T15:57:18.633Z caller=manager.go:164 level=info component="rule manager" msg="Starting rule manager..."
ts=2026-08-16T15:57:18.634Z caller=main.go:1289 level=error err="opening storage failed: lock DB directory: resource temporarily unavailable"
